ARM Linker, 5.03 [Build 76] [MDK-ARM Lite]

==============================================================================

Section Cross References



==============================================================================

Image Symbol Table

    Local Symbols

    Symbol Name                              Value     Ov Type        Size  Object(Section)

    is_palindrome                            0x00000000   Section      177  q2.o(is_palindrome)
    q2.s                                     0x00000000   Number         0  q2.o ABSOLUTE
    STRING                                   0x00000098   Data          24  q2.o(is_palindrome)
    EoS                                      0x000000b0   Data           1  q2.o(is_palindrome)

    Global Symbols

    Symbol Name                              Value     Ov Type        Size  Object(Section)

    BuildAttributes$$THM_ISAv1$ARM_ISAv4$S$PE$A:L22$X:L11$S22$IEEE1$IW$USESV6$~STKCKD$USESV7$~SHL$OSPACE$EBA8$STANDARDLIB$PRES8$EABIv2 0x00000000   Number         0  anon$$obj.o ABSOLUTE



==============================================================================

Memory Map of the image

  Image Entry point : 0x00000000

  Load Region LR_1 (Base: 0x00000000, Size: 0x000000b4, Max: 0xffffffff, ABSOLUTE)

    Execution Region ER_RO (Base: 0x00000000, Size: 0x00000000, Max: 0xffffffff, ABSOLUTE)

    **** No section assigned to this execution region ****


    Execution Region ER_RW (Base: 0x00000000, Size: 0x000000b4, Max: 0xffffffff, ABSOLUTE)

    Base Addr    Size         Type   Attr      Idx    E Section Name        Object

    0x00000000   0x000000b1   Code   RW            1  * is_palindrome       q2.o


    Execution Region ER_ZI (Base: 0x000000b4, Size: 0x00000000, Max: 0xffffffff, ABSOLUTE)

    **** No section assigned to this execution region ****


==============================================================================

Image component sizes


      Code (inc. data)   RO Data    RW Data    ZI Data      Debug   Object Name

       177         29          0          0          0        260   q2.o

    ----------------------------------------------------------------------
       180         32          0          0          0        260   Object Totals
         0          0          0          0          0          0   (incl. Generated)
         3          3          0          0          0          0   (incl. Padding)

    ----------------------------------------------------------------------
         0          0          0          0          0          0   Library Totals
         0          0          0          0          0          0   (incl. Padding)

    ----------------------------------------------------------------------

==============================================================================


      Code (inc. data)   RO Data    RW Data    ZI Data      Debug   

       180         32          0          0          0        260   Grand Totals
       180         32          0          0          0        260   ELF Image Totals
       180         32          0          0          0          0   ROM Totals

==============================================================================

    Total RO  Size (Code + RO Data)                  180 (   0.18kB)
    Total RW  Size (RW Data + ZI Data)                 0 (   0.00kB)
    Total ROM Size (Code + RO Data + RW Data)        180 (   0.18kB)

==============================================================================

